// Jest Snapshot v1, https://goo.gl/fbAQLP

exports[`Landing should match the snapshot with all data passed in correctly 1`] = `
<section
  className="crawler-section"
>
  <div
    className="crawler-div"
  >
    <p />
  </div>
</section>
`;
